fvm flutter analyze | grep error
  error • 1 positional argument expected by 'RegisterCompanyRepositoryImpl.new', but 0 found • lib/dependency_injection.g.dart:281:41 • not_enough_positional_arguments
  error • The named parameter 'remoteDataSource' isn't defined • lib/dependency_injection.g.dart:281:41 • undefined_named_parameter
  error • The named parameter 'attendenceRemoteDataSource' is required, but there's no corresponding argument • lib/dependency_injection.g.dart:284:11 • missing_required_argument
  error • The named parameter 'remoteDataSource' isn't defined • lib/dependency_injection.g.dart:284:36 • undefined_named_parameter
  error • The named parameter 'dataSource' is required, but there's no corresponding argument • lib/dependency_injection.g.dart:290:11 • missing_required_argument
  error • The named parameter 'remoteDataSource' isn't defined • lib/dependency_injection.g.dart:290:34 • undefined_named_parameter
  error • The named parameter 'dataSource' is required, but there's no corresponding argument • lib/dependency_injection.g.dart:293:11 • missing_required_argument
  error • The named parameter 'remoteDataSource' isn't defined • lib/dependency_injection.g.dart:293:34 • undefined_named_parameter
  error • The name 'ValidateEmpRepo' isn't a type, so it can't be used as a type argument • lib/dependency_injection.g.dart:295:31 • non_type_as_type_argument
  error • The named parameter 'taskRemoteDataSource' is required, but there's no corresponding argument • lib/dependency_injection.g.dart:299:11 • missing_required_argument
  error • The named parameter 'remoteDataSource' isn't defined • lib/dependency_injection.g.dart:299:30 • undefined_named_parameter
  error • The function 'EmpRepositoryImpl' isn't defined • lib/dependency_injection.g.dart:302:11 • undefined_function
  error • The named parameter 'dataSource' is required, but there's no corresponding argument • lib/dependency_injection.g.dart:329:11 • missing_required_argument
  error • The named parameter 'remoteDataSource' isn't defined • lib/dependency_injection.g.dart:329:30 • undefined_named_parameter
  error • 1 positional argument expected by 'TeamProjectRepoImpl.new', but 0 found • lib/dependency_injection.g.dart:332:31 • not_enough_positional_arguments
  error • The named parameter 'dataSource' isn't defined • lib/dependency_injection.g.dart:332:31 • undefined_named_parameter
  error • The named parameter 'dataSource' is required, but there's no corresponding argument • lib/dependency_injection.g.dart:342:11 • missing_required_argument
  error • The named parameter 'remoteDataSource' isn't defined • lib/dependency_injection.g.dart:342:30 • undefined_named_parameter
  error • The named parameter 'messageDataSource' is required, but there's no corresponding argument • lib/dependency_injection.g.dart:345:11 • missing_required_argument
  error • The named parameter 'remoteDataSource' isn't defined • lib/dependency_injection.g.dart:345:33 • undefined_named_parameter
  error • The named parameter 'uploadFileRepository' is required, but there's no corresponding argument • lib/dependency_injection.g.dart:363:11 • missing_required_argument
  error • The named parameter 'repository' isn't defined • lib/dependency_injection.g.dart:363:29 • undefined_named_parameter
  error • 1 positional argument expected by 'RegisterCompanyUseCase.new', but 0 found • lib/dependency_injection.g.dart:366:34 • not_enough_positional_arguments
  error • The named parameter 'repository' isn't defined • lib/dependency_injection.g.dart:366:34 • undefined_named_parameter
  error • 1 positional argument expected by 'FetchEmployeeDataUseCase.new', but 0 found • lib/dependency_injection.g.dart:369:36 • not_enough_positional_arguments
  error • The named parameter 'repository' isn't defined • lib/dependency_injection.g.dart:369:36 • undefined_named_parameter
  error • The named parameter 'attendenceRepository' is required, but there's no corresponding argument • lib/dependency_injection.g.dart:372:11 • missing_required_argument
  error • The named parameter 'repository' isn't defined • lib/dependency_injection.g.dart:372:32 • undefined_named_parameter
  error • The named parameter 'attendenceRepository' is required, but there's no corresponding argument • lib/dependency_injection.g.dart:375:11 • missing_required_argument
  error • The named parameter 'repository' isn't defined • lib/dependency_injection.g.dart:375:36 • undefined_named_parameter
  error • The named parameter 'attendenceRepository' is required, but there's no corresponding argument • lib/dependency_injection.g.dart:378:11 • missing_required_argument
  error • The named parameter 'repository' isn't defined • lib/dependency_injection.g.dart:378:37 • undefined_named_parameter
  error • The named parameter 'teamRepository' is required, but there's no corresponding argument • lib/dependency_injection.g.dart:387:11 • missing_required_argument
  error • The named parameter 'taskTeamRepository' isn't defined • lib/dependency_injection.g.dart:387:30 • undefined_named_parameter
  error • 1 positional argument expected by 'FetchTaskUsecase.new', but 0 found • lib/dependency_injection.g.dart:393:28 • not_enough_positional_arguments
  error • The named parameter 'taskRepository' isn't defined • lib/dependency_injection.g.dart:393:28 • undefined_named_parameter
  error • The named parameter 'repository' is required, but there's no corresponding argument • lib/dependency_injection.g.dart:399:11 • missing_required_argument
  error • The named parameter 'taskRepository' isn't defined • lib/dependency_injection.g.dart:399:29 • undefined_named_parameter
  error • The name 'GetTaskCommentsUsecase' isn't a type, so it can't be used as a type argument • lib/dependency_injection.g.dart:401:31 • non_type_as_type_argument
  error • The function 'GetTaskCommentsUsecase' isn't defined • lib/dependency_injection.g.dart:402:11 • undefined_function
  error • The name 'AddTaskCommentUsecase' isn't a type, so it can't be used as a type argument • lib/dependency_injection.g.dart:404:31 • non_type_as_type_argument
  error • The function 'AddTaskCommentUsecase' isn't defined • lib/dependency_injection.g.dart:405:11 • undefined_function
  error • The name 'DeleteTaskCommentUsecase' isn't a type, so it can't be used as a type argument • lib/dependency_injection.g.dart:407:31 • non_type_as_type_argument
  error • The function 'DeleteTaskCommentUsecase' isn't defined • lib/dependency_injection.g.dart:408:11 • undefined_function
  error • The name 'GetTaskAttachmentsUsecase' isn't a type, so it can't be used as a type argument • lib/dependency_injection.g.dart:410:31 • non_type_as_type_argument
  error • The function 'GetTaskAttachmentsUsecase' isn't defined • lib/dependency_injection.g.dart:411:11 • undefined_function
  error • The name 'AddTaskAttachmentUsecase' isn't a type, so it can't be used as a type argument • lib/dependency_injection.g.dart:413:31 • non_type_as_type_argument
  error • The function 'AddTaskAttachmentUsecase' isn't defined • lib/dependency_injection.g.dart:414:11 • undefined_function
  error • The name 'RemoveTaskAttachmentUsecase' isn't a type, so it can't be used as a type argument • lib/dependency_injection.g.dart:416:31 • non_type_as_type_argument
  error • The function 'RemoveTaskAttachmentUsecase' isn't defined • lib/dependency_injection.g.dart:417:11 • undefined_function
  error • The name 'GetOnboardingProgressUsecase' isn't a type, so it can't be used as a type argument • lib/dependency_injection.g.dart:419:31 • non_type_as_type_argument
  error • The function 'GetOnboardingProgressUsecase' isn't defined • lib/dependency_injection.g.dart:420:11 • undefined_function
  error • The name 'UpdateOnboardingProgressUsecase' isn't a type, so it can't be used as a type argument • lib/dependency_injection.g.dart:422:31 • non_type_as_type_argument
  error • The function 'UpdateOnboardingProgressUsecase' isn't defined • lib/dependency_injection.g.dart:423:11 • undefined_function
  error • The name 'GetNotificationsUsecase' isn't a type, so it can't be used as a type argument • lib/dependency_injection.g.dart:443:31 • non_type_as_type_argument
  error • The function 'GetNotificationsUsecase' isn't defined • lib/dependency_injection.g.dart:444:11 • undefined_function
  error • The name 'MarkNotificationReadUsecase' isn't a type, so it can't be used as a type argument • lib/dependency_injection.g.dart:446:31 • non_type_as_type_argument
  error • The function 'MarkNotificationReadUsecase' isn't defined • lib/dependency_injection.g.dart:447:11 • undefined_function
  error • The name 'MarkAllReadUsecase' isn't a type, so it can't be used as a type argument • lib/dependency_injection.g.dart:449:31 • non_type_as_type_argument
  error • The function 'MarkAllReadUsecase' isn't defined • lib/dependency_injection.g.dart:450:11 • undefined_function
  error • The name 'UploadFileUsecaseResources' isn't a type, so it can't be used as a type argument • lib/dependency_injection.g.dart:455:31 • non_type_as_type_argument
  error • The function 'UploadFileUsecaseResources' isn't defined • lib/dependency_injection.g.dart:456:11 • undefined_function
  error • 1 positional argument expected by 'CreateTeamUsecase.new', but 0 found • lib/dependency_injection.g.dart:477:29 • not_enough_positional_arguments
  error • The named parameter 'teamRepository' isn't defined • lib/dependency_injection.g.dart:477:29 • undefined_named_parameter
  error • 1 positional argument expected by 'TeamGetProjectUsecase.new', but 0 found • lib/dependency_injection.g.dart:480:33 • not_enough_positional_arguments
  error • The named parameter 'teamProjectRepo' isn't defined • lib/dependency_injection.g.dart:480:33 • undefined_named_parameter
  error • 1 positional argument expected by 'GetEmployeesUsecase.new', but 0 found • lib/dependency_injection.g.dart:483:31 • not_enough_positional_arguments
  error • The named parameter 'repository' isn't defined • lib/dependency_injection.g.dart:483:31 • undefined_named_parameter
  error • 1 positional argument expected by 'GetEmployeeProfileUsecase.new', but 0 found • lib/dependency_injection.g.dart:486:37 • not_enough_positional_arguments
  error • The named parameter 'repository' isn't defined • lib/dependency_injection.g.dart:486:37 • undefined_named_parameter
  error • 1 positional argument expected by 'AddEmployeeUsecase.new', but 0 found • lib/dependency_injection.g.dart:489:30 • not_enough_positional_arguments
  error • The named parameter 'repository' isn't defined • lib/dependency_injection.g.dart:489:30 • undefined_named_parameter
  error • 1 positional argument expected by 'EditEmployeeUsecase.new', but 0 found • lib/dependency_injection.g.dart:492:31 • not_enough_positional_arguments
  error • The named parameter 'repository' isn't defined • lib/dependency_injection.g.dart:492:31 • undefined_named_parameter
  error • 1 positional argument expected by 'DeactivateEmployeeUsecase.new', but 0 found • lib/dependency_injection.g.dart:495:37 • not_enough_positional_arguments
  error • The named parameter 'repository' isn't defined • lib/dependency_injection.g.dart:495:37 • undefined_named_parameter
  error • 1 positional argument expected by 'SearchEmployeesUsecase.new', but 0 found • lib/dependency_injection.g.dart:498:34 • not_enough_positional_arguments
  error • The named parameter 'repository' isn't defined • lib/dependency_injection.g.dart:498:34 • undefined_named_parameter
  error • 1 positional argument expected by 'MakeManagerUsecase.new', but 0 found • lib/dependency_injection.g.dart:501:30 • not_enough_positional_arguments
  error • The named parameter 'repository' isn't defined • lib/dependency_injection.g.dart:501:30 • undefined_named_parameter
  error • The name 'GetProjectsUsecase' isn't a type, so it can't be used as a type argument • lib/dependency_injection.g.dart:503:31 • non_type_as_type_argument
  error • The function 'GetProjectsUsecase' isn't defined • lib/dependency_injection.g.dart:504:11 • undefined_function
  error • The name 'GetProjectDetailUsecase' isn't a type, so it can't be used as a type argument • lib/dependency_injection.g.dart:506:31 • non_type_as_type_argument
  error • The function 'GetProjectDetailUsecase' isn't defined • lib/dependency_injection.g.dart:507:11 • undefined_function
  error • The name 'CreateProjectUsecase' isn't a type, so it can't be used as a type argument • lib/dependency_injection.g.dart:509:31 • non_type_as_type_argument
  error • The function 'CreateProjectUsecase' isn't defined • lib/dependency_injection.g.dart:510:11 • undefined_function
  error • The name 'UpdateProjectUsecase' isn't a type, so it can't be used as a type argument • lib/dependency_injection.g.dart:512:31 • non_type_as_type_argument
  error • The function 'UpdateProjectUsecase' isn't defined • lib/dependency_injection.g.dart:513:11 • undefined_function
  error • The name 'DeleteProjectUsecase' isn't a type, so it can't be used as a type argument • lib/dependency_injection.g.dart:515:31 • non_type_as_type_argument
  error • The function 'DeleteProjectUsecase' isn't defined • lib/dependency_injection.g.dart:516:11 • undefined_function
  error • The name 'CreateMilestoneUsecase' isn't a type, so it can't be used as a type argument • lib/dependency_injection.g.dart:518:31 • non_type_as_type_argument
  error • The function 'CreateMilestoneUsecase' isn't defined • lib/dependency_injection.g.dart:519:11 • undefined_function
  error • The name 'UpdateMilestoneUsecase' isn't a type, so it can't be used as a type argument • lib/dependency_injection.g.dart:521:31 • non_type_as_type_argument
  error • The function 'UpdateMilestoneUsecase' isn't defined • lib/dependency_injection.g.dart:522:11 • undefined_function
  error • The name 'DeleteMilestoneUsecase' isn't a type, so it can't be used as a type argument • lib/dependency_injection.g.dart:524:31 • non_type_as_type_argument
  error • The function 'DeleteMilestoneUsecase' isn't defined • lib/dependency_injection.g.dart:525:11 • undefined_function
  error • The named parameter 'chatRepository' is required, but there's no corresponding argument • lib/dependency_injection.g.dart:532:11 • missing_required_argument
  error • The named parameter 'repository' isn't defined • lib/dependency_injection.g.dart:532:29 • undefined_named_parameter
  error • The named parameter 'chatRepository' is required, but there's no corresponding argument • lib/dependency_injection.g.dart:535:11 • missing_required_argument
  error • The named parameter 'repository' isn't defined • lib/dependency_injection.g.dart:535:29 • undefined_named_parameter
  error • The named parameter 'chatRepository' is required, but there's no corresponding argument • lib/dependency_injection.g.dart:538:11 • missing_required_argument
  error • The named parameter 'repository' isn't defined • lib/dependency_injection.g.dart:538:26 • undefined_named_parameter
  error • The named parameter 'messageRepository' is required, but there's no corresponding argument • lib/dependency_injection.g.dart:541:11 • missing_required_argument
  error • The named parameter 'repository' isn't defined • lib/dependency_injection.g.dart:541:26 • undefined_named_parameter
  error • The named parameter 'getTaskUsecase' is required, but there's no corresponding argument • lib/dependency_injection.g.dart:602:11 • missing_required_argument
  error • The named parameter 'updateTaskUsecase' is required, but there's no corresponding argument • lib/dependency_injection.g.dart:602:11 • missing_required_argument
  error • The named parameter 'getOnboardingProgressUseCase' is required, but there's no corresponding argument • lib/dependency_injection.g.dart:613:11 • missing_required_argument
  error • The named parameter 'updateOnboardingProgressUseCase' is required, but there's no corresponding argument • lib/dependency_injection.g.dart:613:11 • missing_required_argument
  error • The named parameter 'getOnboardingProgressUsecase' isn't defined • lib/dependency_injection.g.dart:614:7 • undefined_named_parameter
  error • The named parameter 'updateOnboardingProgressUsecase' isn't defined • lib/dependency_injection.g.dart:615:7 • undefined_named_parameter
  error • The named parameter 'repository' is required, but there's no corresponding argument • lib/dependency_injection.g.dart:631:11 • missing_required_argument
  error • The named parameter 'typeFilter' is required, but there's no corresponding argument • lib/dependency_injection.g.dart:631:11 • missing_required_argument
  error • The named parameter 'getNotificationsUsecase' isn't defined • lib/dependency_injection.g.dart:632:7 • undefined_named_parameter
  error • The named parameter 'markNotificationReadUsecase' isn't defined • lib/dependency_injection.g.dart:633:7 • undefined_named_parameter
  error • The named parameter 'markAllReadUsecase' isn't defined • lib/dependency_injection.g.dart:634:7 • undefined_named_parameter
  error • The named parameter 'repository' is required, but there's no corresponding argument • lib/dependency_injection.g.dart:656:11 • missing_required_argument
  error • The named parameter 'getEmployeesUsecase' isn't defined • lib/dependency_injection.g.dart:657:7 • undefined_named_parameter
  error • The named parameter 'searchEmployeesUsecase' isn't defined • lib/dependency_injection.g.dart:658:7 • undefined_named_parameter
  error • The named parameter 'repository' is required, but there's no corresponding argument • lib/dependency_injection.g.dart:663:11 • missing_required_argument
  error • The named parameter 'addEmployeeUsecase' isn't defined • lib/dependency_injection.g.dart:664:7 • undefined_named_parameter
  error • The named parameter 'repository' is required, but there's no corresponding argument • lib/dependency_injection.g.dart:669:11 • missing_required_argument
  error • The named parameter 'getEmployeeProfileUsecase' isn't defined • lib/dependency_injection.g.dart:670:7 • undefined_named_parameter
  error • The named parameter 'editEmployeeUsecase' isn't defined • lib/dependency_injection.g.dart:671:7 • undefined_named_parameter
  error • The named parameter 'deactivateEmployeeUsecase' isn't defined • lib/dependency_injection.g.dart:672:7 • undefined_named_parameter
  error • The named parameter 'makeManagerUsecase' isn't defined • lib/dependency_injection.g.dart:673:7 • undefined_named_parameter
366 issues found. (ran in 5.5s)